Copyright 1986-2022 Xilinx, Inc. All Rights Reserved.
--------------------------------------------------------------------------------------------------------------------------------------------------------------------------------------------------------------------------------
| Tool Version : Vivado v.2022.2 (lin64) Build 3671981 Fri Oct 14 04:59:54 MDT 2022
| Date         : Sun Jan 22 01:15:44 2023
| Host         : 500w running 64-bit Ubuntu 20.04.5 LTS
| Command      : report_methodology -file zybo_z7_20_base_2022_2_wrapper_methodology_drc_routed.rpt -pb zybo_z7_20_base_2022_2_wrapper_methodology_drc_routed.pb -rpx zybo_z7_20_base_2022_2_wrapper_methodology_drc_routed.rpx
| Design       : zybo_z7_20_base_2022_2_wrapper
| Device       : xc7z020clg400-1
| Speed File   : -1
| Design State : Fully Routed
--------------------------------------------------------------------------------------------------------------------------------------------------------------------------------------------------------------------------------

Report Methodology

Table of Contents
-----------------
1. REPORT SUMMARY
2. REPORT DETAILS

1. REPORT SUMMARY
-----------------
            Netlist: netlist
          Floorplan: design_1
      Design limits: <entire design considered>
             Max violations: <unlimited>
             Violations found: 0
+------+----------+-------------+------------+
| Rule | Severity | Description | Violations |
+------+----------+-------------+------------+
+------+----------+-------------+------------+

2. REPORT DETAILS
-----------------

